Found 3764 files belonging to 7 classes.
Generated class weights for an imbalanced dataset: {0: 1.3772893772893773, 1: 1.0662885501595178, 2: 1.1489686783804431, 3: 0.840928152082751, 4: 0.8769679300291545, 5: 0.9591836734693877, 6: 0.9142857142857143}
Model: "sequential"
_________________________________________________________________
 Layer (type)                Output Shape              Param #   
=================================================================
 random_translation (Random  (None, 128, 128, 1)       0         
 Translation)                                                    
                                                                 
 random_brightness (RandomB  (None, 128, 128, 1)       0         
 rightness)                                                      
                                                                 
 random_contrast (RandomCon  (None, 128, 128, 1)       0         
 trast)                                                          
                                                                 
 rescaling (Rescaling)       (None, 128, 128, 1)       0         
                                                                 
 conv2d (Conv2D)             (None, 128, 128, 16)      160       
                                                                 
 max_pooling2d (MaxPooling2  (None, 64, 64, 16)        0         
 D)                                                              
                                                                 
 conv2d_1 (Conv2D)           (None, 64, 64, 32)        4640      
                                                                 
 max_pooling2d_1 (MaxPoolin  (None, 32, 32, 32)        0         
 g2D)                                                            
                                                                 
 conv2d_2 (Conv2D)           (None, 32, 32, 64)        18496     
                                                                 
 max_pooling2d_2 (MaxPoolin  (None, 16, 16, 64)        0         
 g2D)                                                            
                                                                 
 dropout (Dropout)           (None, 16, 16, 64)        0         
                                                                 
 flatten (Flatten)           (None, 16384)             0         
                                                                 
 dense (Dense)               (None, 128)               2097280   
                                                                 
 dense_1 (Dense)             (None, 7)                 903       
                                                                 
=================================================================
Total params: 2121479 (8.09 MB)
Trainable params: 2121479 (8.09 MB)
Non-trainable params: 0 (0.00 Byte)
_________________________________________________________________
Epoch 1/5
 1/94 [..............................] - ETA: 36:48 - loss: 1.8366 - categorical_accuracy: 0.2500 - auc: 0.6213 - f1_score: 0.1218 - precision: 0.0000e+00 - recall: 0.0000e+00 2/94 [..............................] - ETA: 15s - loss: 2.1149 - categorical_accuracy: 0.2500 - auc: 0.6030 - f1_score: 0.1176 - precision: 0.2500 - recall: 0.1250           3/94 [..............................] - ETA: 11s - loss: 2.2219 - categorical_accuracy: 0.2396 - auc: 0.5806 - f1_score: 0.1442 - precision: 0.2500 - recall: 0.0833 4/94 [>.............................] - ETA: 9s - loss: 2.1822 - categorical_accuracy: 0.2344 - auc: 0.5611 - f1_score: 0.1404 - precision: 0.2500 - recall: 0.0625  8/94 [=>............................] - ETA: 4s - loss: 2.0921 - categorical_accuracy: 0.1953 - auc: 0.5253 - f1_score: 0.1444 - precision: 0.2500 - recall: 0.031215/94 [===>..........................] - ETA: 2s - loss: 2.0247 - categorical_accuracy: 0.1646 - auc: 0.5026 - f1_score: 0.1293 - precision: 0.2500 - recall: 0.016722/94 [======>.......................] - ETA: 1s - loss: 2.0120 - categorical_accuracy: 0.1619 - auc: 0.5023 - f1_score: 0.1142 - precision: 0.2500 - recall: 0.011429/94 [========>.....................] - ETA: 1s - loss: 1.9860 - categorical_accuracy: 0.1584 - auc: 0.5009 - f1_score: 0.1179 - precision: 0.2500 - recall: 0.008636/94 [==========>...................] - ETA: 0s - loss: 1.9773 - categorical_accuracy: 0.1615 - auc: 0.4992 - f1_score: 0.1181 - precision: 0.2500 - recall: 0.006943/94 [============>.................] - ETA: 0s - loss: 1.9690 - categorical_accuracy: 0.1606 - auc: 0.4975 - f1_score: 0.1171 - precision: 0.2500 - recall: 0.005850/94 [==============>...............] - ETA: 0s - loss: 1.9683 - categorical_accuracy: 0.1556 - auc: 0.4974 - f1_score: 0.1115 - precision: 0.2500 - recall: 0.005057/94 [=================>............] - ETA: 0s - loss: 1.9669 - categorical_accuracy: 0.1530 - auc: 0.4962 - f1_score: 0.1078 - precision: 0.2500 - recall: 0.004464/94 [===================>..........] - ETA: 0s - loss: 1.9628 - categorical_accuracy: 0.1523 - auc: 0.4942 - f1_score: 0.1173 - precision: 0.2500 - recall: 0.003972/94 [=====================>........] - ETA: 0s - loss: 1.9595 - categorical_accuracy: 0.1519 - auc: 0.4938 - f1_score: 0.1195 - precision: 0.2500 - recall: 0.003578/94 [=======================>......] - ETA: 0s - loss: 1.9610 - categorical_accuracy: 0.1526 - auc: 0.4940 - f1_score: 0.1199 - precision: 0.2500 - recall: 0.003284/94 [=========================>....] - ETA: 0s - loss: 1.9602 - categorical_accuracy: 0.1566 - auc: 0.4941 - f1_score: 0.1254 - precision: 0.2500 - recall: 0.003091/94 [============================>.] - ETA: 0s - loss: 1.9592 - categorical_accuracy: 0.1587 - auc: 0.4943 - f1_score: 0.1300 - precision: 0.2500 - recall: 0.002794/94 [==============================] - 27s 35ms/step - loss: 1.9599 - categorical_accuracy: 0.1589 - auc: 0.4943 - f1_score: 0.1297 - precision: 0.2500 - recall: 0.0027 - val_loss: 1.9456 - val_categorical_accuracy: 0.1761 - val_auc: 0.5147 - val_f1_score: 0.0428 - val_precision: 0.0000e+00 - val_recall: 0.0000e+00
Epoch 2/5
 1/94 [..............................] - ETA: 0s - loss: 1.9038 - categorical_accuracy: 0.1875 - auc: 0.5464 - f1_score: 0.0451 - precision: 0.0000e+00 - recall: 0.0000e+00 8/94 [=>............................] - ETA: 0s - loss: 1.9463 - categorical_accuracy: 0.1523 - auc: 0.5068 - f1_score: 0.0609 - precision: 0.0000e+00 - recall: 0.0000e+0015/94 [===>..........................] - ETA: 0s - loss: 1.9478 - categorical_accuracy: 0.1583 - auc: 0.5024 - f1_score: 0.0847 - precision: 0.0000e+00 - recall: 0.0000e+0022/94 [======>.......................] - ETA: 0s - loss: 1.9406 - categorical_accuracy: 0.1577 - auc: 0.4930 - f1_score: 0.0769 - precision: 0.0000e+00 - recall: 0.0000e+0029/94 [========>.....................] - ETA: 0s - loss: 1.9389 - categorical_accuracy: 0.1562 - auc: 0.4918 - f1_score: 0.0778 - precision: 0.0000e+00 - recall: 0.0000e+0036/94 [==========>...................] - ETA: 0s - loss: 1.9364 - categorical_accuracy: 0.1632 - auc: 0.4929 - f1_score: 0.0761 - precision: 0.0000e+00 - recall: 0.0000e+0043/94 [============>.................] - ETA: 0s - loss: 1.9404 - categorical_accuracy: 0.1693 - auc: 0.4947 - f1_score: 0.0749 - precision: 0.0000e+00 - recall: 0.0000e+0050/94 [==============>...............] - ETA: 0s - loss: 1.9383 - categorical_accuracy: 0.1656 - auc: 0.4940 - f1_score: 0.0712 - precision: 0.0000e+00 - recall: 0.0000e+0057/94 [=================>............] - ETA: 0s - loss: 1.9422 - categorical_accuracy: 0.1606 - auc: 0.4915 - f1_score: 0.0675 - precision: 0.0000e+00 - recall: 0.0000e+0064/94 [===================>..........] - ETA: 0s - loss: 1.9424 - categorical_accuracy: 0.1626 - auc: 0.4926 - f1_score: 0.0662 - precision: 0.0000e+00 - recall: 0.0000e+0071/94 [=====================>........] - ETA: 0s - loss: 1.9429 - categorical_accuracy: 0.1571 - auc: 0.4889 - f1_score: 0.0632 - precision: 0.0000e+00 - recall: 0.0000e+0078/94 [=======================>......] - ETA: 0s - loss: 1.9434 - categorical_accuracy: 0.1530 - auc: 0.4902 - f1_score: 0.0609 - precision: 0.0000e+00 - recall: 0.0000e+0085/94 [==========================>...] - ETA: 0s - loss: 1.9443 - categorical_accuracy: 0.1518 - auc: 0.4913 - f1_score: 0.0593 - precision: 0.0000e+00 - recall: 0.0000e+0092/94 [============================>.] - ETA: 0s - loss: 1.9464 - categorical_accuracy: 0.1488 - auc: 0.4919 - f1_score: 0.0574 - precision: 0.0000e+00 - recall: 0.0000e+0094/94 [==============================] - 1s 9ms/step - loss: 1.9466 - categorical_accuracy: 0.1476 - auc: 0.4921 - f1_score: 0.0569 - precision: 0.0000e+00 - recall: 0.0000e+00 - val_loss: 1.9457 - val_categorical_accuracy: 0.1477 - val_auc: 0.5012 - val_f1_score: 0.0711 - val_precision: 0.0000e+00 - val_recall: 0.0000e+00
Epoch 3/5
 1/94 [..............................] - ETA: 0s - loss: 1.9247 - categorical_accuracy: 0.1250 - auc: 0.5000 - f1_score: 0.0568 - precision: 0.0000e+00 - recall: 0.0000e+00 9/94 [=>............................] - ETA: 0s - loss: 1.9581 - categorical_accuracy: 0.1667 - auc: 0.5067 - f1_score: 0.0911 - precision: 0.0000e+00 - recall: 0.0000e+0017/94 [====>.........................] - ETA: 0s - loss: 1.9543 - categorical_accuracy: 0.1544 - auc: 0.5032 - f1_score: 0.0736 - precision: 0.0000e+00 - recall: 0.0000e+0024/94 [======>.......................] - ETA: 0s - loss: 1.9491 - categorical_accuracy: 0.1549 - auc: 0.5003 - f1_score: 0.0687 - precision: 0.0000e+00 - recall: 0.0000e+0031/94 [========>.....................] - ETA: 0s - loss: 1.9433 - categorical_accuracy: 0.1562 - auc: 0.5077 - f1_score: 0.0692 - precision: 0.0000e+00 - recall: 0.0000e+0039/94 [===========>..................] - ETA: 0s - loss: 1.9422 - categorical_accuracy: 0.1546 - auc: 0.5096 - f1_score: 0.0674 - precision: 0.0000e+00 - recall: 0.0000e+0047/94 [==============>...............] - ETA: 0s - loss: 1.9403 - categorical_accuracy: 0.1649 - auc: 0.5144 - f1_score: 0.0930 - precision: 0.0000e+00 - recall: 0.0000e+0055/94 [================>.............] - ETA: 0s - loss: 1.9373 - categorical_accuracy: 0.1682 - auc: 0.5219 - f1_score: 0.1052 - precision: 0.0000e+00 - recall: 0.0000e+0061/94 [==================>...........] - ETA: 0s - loss: 1.9381 - categorical_accuracy: 0.1644 - auc: 0.5241 - f1_score: 0.1054 - precision: 0.0000e+00 - recall: 0.0000e+0066/94 [====================>.........] - ETA: 0s - loss: 1.9407 - categorical_accuracy: 0.1619 - auc: 0.5232 - f1_score: 0.1046 - precision: 0.0000e+00 - recall: 0.0000e+0073/94 [======================>.......] - ETA: 0s - loss: 1.9436 - categorical_accuracy: 0.1580 - auc: 0.5188 - f1_score: 0.1024 - precision: 0.0000e+00 - recall: 0.0000e+0081/94 [========================>.....] - ETA: 0s - loss: 1.9444 - categorical_accuracy: 0.1586 - auc: 0.5179 - f1_score: 0.1028 - precision: 0.0000e+00 - recall: 0.0000e+0088/94 [===========================>..] - ETA: 0s - loss: 1.9434 - categorical_accuracy: 0.1570 - auc: 0.5154 - f1_score: 0.1141 - precision: 0.0000e+00 - recall: 0.0000e+0094/94 [==============================] - 1s 9ms/step - loss: 1.9441 - categorical_accuracy: 0.1553 - auc: 0.5119 - f1_score: 0.1165 - precision: 0.0000e+00 - recall: 0.0000e+00 - val_loss: 1.9464 - val_categorical_accuracy: 0.1335 - val_auc: 0.4902 - val_f1_score: 0.0584 - val_precision: 0.0000e+00 - val_recall: 0.0000e+00
Epoch 4/5
 1/94 [..............................] - ETA: 0s - loss: 2.0123 - categorical_accuracy: 0.1875 - auc: 0.4739 - f1_score: 0.0451 - precision: 0.0000e+00 - recall: 0.0000e+00 8/94 [=>............................] - ETA: 0s - loss: 1.9699 - categorical_accuracy: 0.1445 - auc: 0.4951 - f1_score: 0.0548 - precision: 0.0000e+00 - recall: 0.0000e+0015/94 [===>..........................] - ETA: 0s - loss: 1.9642 - categorical_accuracy: 0.1542 - auc: 0.5035 - f1_score: 0.0682 - precision: 0.0000e+00 - recall: 0.0000e+0022/94 [======>.......................] - ETA: 0s - loss: 1.9597 - categorical_accuracy: 0.1420 - auc: 0.4822 - f1_score: 0.0634 - precision: 0.0000e+00 - recall: 0.0000e+0029/94 [========>.....................] - ETA: 0s - loss: 1.9653 - categorical_accuracy: 0.1379 - auc: 0.4884 - f1_score: 0.0616 - precision: 0.0000e+00 - recall: 0.0000e+0037/94 [==========>...................] - ETA: 0s - loss: 1.9577 - categorical_accuracy: 0.1275 - auc: 0.4850 - f1_score: 0.0639 - precision: 0.0000e+00 - recall: 0.0000e+0045/94 [=============>................] - ETA: 0s - loss: 1.9544 - categorical_accuracy: 0.1278 - auc: 0.4927 - f1_score: 0.0887 - precision: 0.0000e+00 - recall: 0.0000e+0053/94 [===============>..............] - ETA: 0s - loss: 1.9547 - categorical_accuracy: 0.1291 - auc: 0.4958 - f1_score: 0.0947 - precision: 0.0000e+00 - recall: 0.0000e+0061/94 [==================>...........] - ETA: 0s - loss: 1.9523 - categorical_accuracy: 0.1327 - auc: 0.4994 - f1_score: 0.0998 - precision: 0.0000e+00 - recall: 0.0000e+0069/94 [=====================>........] - ETA: 0s - loss: 1.9532 - categorical_accuracy: 0.1372 - auc: 0.4954 - f1_score: 0.1006 - precision: 0.0000e+00 - recall: 0.0000e+0076/94 [=======================>......] - ETA: 0s - loss: 1.9498 - categorical_accuracy: 0.1431 - auc: 0.5000 - f1_score: 0.1066 - precision: 0.0000e+00 - recall: 0.0000e+0083/94 [=========================>....] - ETA: 0s - loss: 1.9467 - categorical_accuracy: 0.1453 - auc: 0.4988 - f1_score: 0.1107 - precision: 0.0000e+00 - recall: 0.0000e+0090/94 [===========================>..] - ETA: 0s - loss: 1.9450 - categorical_accuracy: 0.1465 - auc: 0.4977 - f1_score: 0.1122 - precision: 0.0000e+00 - recall: 0.0000e+0094/94 [==============================] - 1s 8ms/step - loss: 1.9464 - categorical_accuracy: 0.1463 - auc: 0.4981 - f1_score: 0.1159 - precision: 0.0000e+00 - recall: 0.0000e+00 - val_loss: 1.9380 - val_categorical_accuracy: 0.1420 - val_auc: 0.5553 - val_f1_score: 0.0355 - val_precision: 0.0000e+00 - val_recall: 0.0000e+00
Epoch 5/5
 1/94 [..............................] - ETA: 0s - loss: 1.9281 - categorical_accuracy: 0.1875 - auc: 0.5833 - f1_score: 0.0451 - precision: 0.0000e+00 - recall: 0.0000e+00 9/94 [=>............................] - ETA: 0s - loss: 1.9428 - categorical_accuracy: 0.1771 - auc: 0.5413 - f1_score: 0.0923 - precision: 0.0000e+00 - recall: 0.0000e+0017/94 [====>.........................] - ETA: 0s - loss: 1.9395 - categorical_accuracy: 0.1526 - auc: 0.5412 - f1_score: 0.0885 - precision: 0.0000e+00 - recall: 0.0000e+0025/94 [======>.......................] - ETA: 0s - loss: 1.9348 - categorical_accuracy: 0.1612 - auc: 0.5437 - f1_score: 0.0946 - precision: 0.0000e+00 - recall: 0.0000e+0032/94 [=========>....................] - ETA: 0s - loss: 1.9357 - categorical_accuracy: 0.1572 - auc: 0.5415 - f1_score: 0.1034 - precision: 0.0000e+00 - recall: 0.0000e+0040/94 [===========>..................] - ETA: 0s - loss: 1.9395 - categorical_accuracy: 0.1492 - auc: 0.5362 - f1_score: 0.0975 - precision: 0.0000e+00 - recall: 0.0000e+0048/94 [==============>...............] - ETA: 0s - loss: 1.9451 - categorical_accuracy: 0.1523 - auc: 0.5367 - f1_score: 0.0968 - precision: 0.0000e+00 - recall: 0.0000e+0055/94 [================>.............] - ETA: 0s - loss: 1.9467 - categorical_accuracy: 0.1540 - auc: 0.5368 - f1_score: 0.0970 - precision: 0.0000e+00 - recall: 0.0000e+0062/94 [==================>...........] - ETA: 0s - loss: 1.9496 - categorical_accuracy: 0.1573 - auc: 0.5351 - f1_score: 0.1036 - precision: 0.0000e+00 - recall: 0.0000e+0069/94 [=====================>........] - ETA: 0s - loss: 1.9486 - categorical_accuracy: 0.1599 - auc: 0.5350 - f1_score: 0.1051 - precision: 0.0000e+00 - recall: 0.0000e+0076/94 [=======================>......] - ETA: 0s - loss: 1.9453 - categorical_accuracy: 0.1616 - auc: 0.5311 - f1_score: 0.1082 - precision: 0.0000e+00 - recall: 0.0000e+0083/94 [=========================>....] - ETA: 0s - loss: 1.9449 - categorical_accuracy: 0.1638 - auc: 0.5344 - f1_score: 0.1112 - precision: 0.0000e+00 - recall: 0.0000e+0091/94 [============================>.] - ETA: 0s - loss: 1.9440 - categorical_accuracy: 0.1641 - auc: 0.5355 - f1_score: 0.1152 - precision: 0.0000e+00 - recall: 0.0000e+0094/94 [==============================] - 1s 8ms/step - loss: 1.9424 - categorical_accuracy: 0.1639 - auc: 0.5378 - f1_score: 0.1172 - precision: 0.0000e+00 - recall: 0.0000e+00 - val_loss: 1.9202 - val_categorical_accuracy: 0.1648 - val_auc: 0.5912 - val_f1_score: 0.0774 - val_precision: 0.0000e+00 - val_recall: 0.0000e+00
