Found 3764 files belonging to 7 classes.
Generated class weights for an imbalanced dataset: {0: 1.3772893772893773, 1: 1.0662885501595178, 2: 1.1489686783804431, 3: 0.840928152082751, 4: 0.8769679300291545, 5: 0.9591836734693877, 6: 0.9142857142857143}
Model: "sequential"
_________________________________________________________________
 Layer (type)                Output Shape              Param #   
=================================================================
 random_translation (Random  (None, 128, 128, 1)       0         
 Translation)                                                    
                                                                 
 random_brightness (RandomB  (None, 128, 128, 1)       0         
 rightness)                                                      
                                                                 
 random_contrast (RandomCon  (None, 128, 128, 1)       0         
 trast)                                                          
                                                                 
 rescaling (Rescaling)       (None, 128, 128, 1)       0         
                                                                 
 conv2d (Conv2D)             (None, 128, 128, 16)      160       
                                                                 
 max_pooling2d (MaxPooling2  (None, 64, 64, 16)        0         
 D)                                                              
                                                                 
 conv2d_1 (Conv2D)           (None, 64, 64, 32)        4640      
                                                                 
 max_pooling2d_1 (MaxPoolin  (None, 32, 32, 32)        0         
 g2D)                                                            
                                                                 
 conv2d_2 (Conv2D)           (None, 32, 32, 64)        18496     
                                                                 
 max_pooling2d_2 (MaxPoolin  (None, 16, 16, 64)        0         
 g2D)                                                            
                                                                 
 dropout (Dropout)           (None, 16, 16, 64)        0         
                                                                 
 flatten (Flatten)           (None, 16384)             0         
                                                                 
 dense (Dense)               (None, 128)               2097280   
                                                                 
 dense_1 (Dense)             (None, 7)                 903       
                                                                 
=================================================================
Total params: 2121479 (8.09 MB)
Trainable params: 2121479 (8.09 MB)
Non-trainable params: 0 (0.00 Byte)
_________________________________________________________________
Epoch 1/20
 1/94 [..............................] - ETA: 12:45 - loss: 1.9326 - categorical_accuracy: 0.1250 - auc: 0.5026 - f1_score: 0.0699 - precision: 0.0000e+00 - recall: 0.0000e+00 2/94 [..............................] - ETA: 14s - loss: 2.1554 - categorical_accuracy: 0.1250 - auc: 0.4718 - f1_score: 0.0806 - precision: 0.0000e+00 - recall: 0.0000e+00   3/94 [..............................] - ETA: 9s - loss: 2.1338 - categorical_accuracy: 0.1042 - auc: 0.4570 - f1_score: 0.0814 - precision: 0.0000e+00 - recall: 0.0000e+00  4/94 [>.............................] - ETA: 8s - loss: 2.0851 - categorical_accuracy: 0.0859 - auc: 0.4627 - f1_score: 0.0771 - precision: 0.0000e+00 - recall: 0.0000e+00 7/94 [=>............................] - ETA: 4s - loss: 2.0438 - categorical_accuracy: 0.1027 - auc: 0.4587 - f1_score: 0.0821 - precision: 0.0000e+00 - recall: 0.0000e+0013/94 [===>..........................] - ETA: 2s - loss: 2.0139 - categorical_accuracy: 0.1178 - auc: 0.4713 - f1_score: 0.0857 - precision: 0.0000e+00 - recall: 0.0000e+0020/94 [=====>........................] - ETA: 1s - loss: 1.9827 - categorical_accuracy: 0.1172 - auc: 0.4718 - f1_score: 0.0869 - precision: 0.0000e+00 - recall: 0.0000e+0027/94 [=======>......................] - ETA: 1s - loss: 1.9793 - categorical_accuracy: 0.1262 - auc: 0.4789 - f1_score: 0.0889 - precision: 0.0000e+00 - recall: 0.0000e+0028/94 [=======>......................] - ETA: 1s - loss: 1.9804 - categorical_accuracy: 0.1283 - auc: 0.4806 - f1_score: 0.0890 - precision: 0.0000e+00 - recall: 0.0000e+0035/94 [==========>...................] - ETA: 1s - loss: 1.9708 - categorical_accuracy: 0.1312 - auc: 0.4849 - f1_score: 0.0848 - precision: 0.0000e+00 - recall: 0.0000e+0042/94 [============>.................] - ETA: 0s - loss: 1.9667 - categorical_accuracy: 0.1406 - auc: 0.4914 - f1_score: 0.0861 - precision: 0.0000e+00 - recall: 0.0000e+0049/94 [==============>...............] - ETA: 0s - loss: 1.9674 - categorical_accuracy: 0.1365 - auc: 0.4888 - f1_score: 0.0861 - precision: 0.0000e+00 - recall: 0.0000e+0056/94 [================>.............] - ETA: 0s - loss: 1.9638 - categorical_accuracy: 0.1390 - auc: 0.4906 - f1_score: 0.0852 - precision: 0.0000e+00 - recall: 0.0000e+0063/94 [===================>..........] - ETA: 0s - loss: 1.9635 - categorical_accuracy: 0.1409 - auc: 0.4933 - f1_score: 0.0827 - precision: 0.0000e+00 - recall: 0.0000e+0071/94 [=====================>........] - ETA: 0s - loss: 1.9618 - categorical_accuracy: 0.1457 - auc: 0.4945 - f1_score: 0.0902 - precision: 0.0000e+00 - recall: 0.0000e+0079/94 [========================>.....] - ETA: 0s - loss: 1.9609 - categorical_accuracy: 0.1472 - auc: 0.4952 - f1_score: 0.1007 - precision: 0.0000e+00 - recall: 0.0000e+0087/94 [==========================>...] - ETA: 0s - loss: 1.9573 - categorical_accuracy: 0.1466 - auc: 0.4951 - f1_score: 0.1023 - precision: 0.0000e+00 - recall: 0.0000e+0094/94 [==============================] - ETA: 0s - loss: 1.9561 - categorical_accuracy: 0.1476 - auc: 0.4955 - f1_score: 0.1032 - precision: 0.0000e+00 - recall: 0.0000e+00